// Jest Snapshot v1, https://goo.gl/fbAQLP

exports[`WeekView List smapshot 1`] = `
.c3 {
  text-transform: uppercase;
}

.c4 {
  font-size: 40px;
  font-weight: 400;
  margin-bottom: 8px;
}

.c2 {
  text-align: center;
  color: #333;
}

.c12 {
  width: 80px;
  min-width: 80px;
  -webkit-flex: 1 1 0%;
  -ms-flex: 1 1 0%;
  flex: 1 1 0%;
  border-right: 1px solid #dddddd;
  position: relative;
  background-color: rgba(0,0,0,0.05);
}

.c14 {
  width: 80px;
  min-width: 80px;
  -webkit-flex: 1 1 0%;
  -ms-flex: 1 1 0%;
  flex: 1 1 0%;
  border-right: 1px solid #dddddd;
  position: relative;
}

.c15 {
  background-color: rgba(0,0,0,0.05);
  display: block;
  position: absolute;
  width: 100%;
}

.c10 {
  border-top: 1px solid #dddddd;
  height: 40px;
}

.c10:last-child {
  border-bottom: 1px solid #dddddd;
}

.c7 {
  height: 40px;
}

.c8 {
  color: #8d8d8d;
  display: inline-block;
  position: relative;
  top: -10px;
  background: #fff;
  padding-right: 4px;
}

.c13:first-child {
  border-left: 1px solid #dddddd;
}

.c0 {
  display: -webkit-box;
  display: -webkit-flex;
  display: -ms-flexbox;
  display: flex;
  gap: 4px;
}

.c1 > span {
  visibility: hidden;
}

.c5 {
  overflow-y: auto;
  -webkit-box-flex: 1;
  -webkit-flex-grow: 1;
  -ms-flex-positive: 1;
  flex-grow: 1;
}

.c9 {
  position: relative;
  -webkit-box-flex: 1;
  -webkit-flex-grow: 1;
  -ms-flex-positive: 1;
  flex-grow: 1;
}

.c11 {
  position: absolute;
  top: 0;
  left: 0;
  right: 0;
  bottom: 0;
  display: -webkit-box;
  display: -webkit-flex;
  display: -ms-flexbox;
  display: flex;
}

.c6 {
  display: -webkit-box;
  display: -webkit-flex;
  display: -ms-flexbox;
  display: flex;
}

<div>
  <div
    class="c0"
  >
    <small
      class="c1"
    >
      <span>
        00:00
      </span>
    </small>
    <div
      class="c2 "
    >
      <span
        class="ant-typography ant-typography-secondary c3 css-dev-only-do-not-override-diro6f"
      >
        Sun
      </span>
      <h2
        class="c4"
      >
        19
      </h2>
    </div>
    <div
      class="c2 "
    >
      <span
        class="ant-typography ant-typography-secondary c3 css-dev-only-do-not-override-diro6f"
      >
        Mon
      </span>
      <h2
        class="c4"
      >
        20
      </h2>
    </div>
    <div
      class="c2 "
    >
      <span
        class="ant-typography ant-typography-secondary c3 css-dev-only-do-not-override-diro6f"
      >
        Tue
      </span>
      <h2
        class="c4"
      >
        21
      </h2>
    </div>
    <div
      class="c2 "
    >
      <span
        class="ant-typography ant-typography-secondary c3 css-dev-only-do-not-override-diro6f"
      >
        Wed
      </span>
      <h2
        class="c4"
      >
        22
      </h2>
    </div>
    <div
      class="c2 "
    >
      <span
        class="ant-typography ant-typography-secondary c3 css-dev-only-do-not-override-diro6f"
      >
        Thu
      </span>
      <h2
        class="c4"
      >
        23
      </h2>
    </div>
    <div
      class="c2 "
    >
      <span
        class="ant-typography ant-typography-secondary c3 css-dev-only-do-not-override-diro6f"
      >
        Fri
      </span>
      <h2
        class="c4"
      >
        24
      </h2>
    </div>
    <div
      class="c2 "
    >
      <span
        class="ant-typography ant-typography-secondary c3 css-dev-only-do-not-override-diro6f"
      >
        Sat
      </span>
      <h2
        class="c4"
      >
        25
      </h2>
    </div>
  </div>
  <div
    class="c5"
    data-testid="scroller"
    id="js-weekview-container"
  >
    <div
      class="c6"
    >
      <div>
        <div
          class="c7"
        >
          <small
            class="c8"
          />
        </div>
        <div
          class="c7"
        >
          <small
            class="c8"
          >
            01:00
          </small>
        </div>
        <div
          class="c7"
        >
          <small
            class="c8"
          >
            02:00
          </small>
        </div>
        <div
          class="c7"
        >
          <small
            class="c8"
          >
            03:00
          </small>
        </div>
        <div
          class="c7"
        >
          <small
            class="c8"
          >
            04:00
          </small>
        </div>
        <div
          class="c7"
        >
          <small
            class="c8"
          >
            05:00
          </small>
        </div>
        <div
          class="c7"
        >
          <small
            class="c8"
          >
            06:00
          </small>
        </div>
        <div
          class="c7"
        >
          <small
            class="c8"
          >
            07:00
          </small>
        </div>
        <div
          class="c7"
        >
          <small
            class="c8"
          >
            08:00
          </small>
        </div>
        <div
          class="c7"
        >
          <small
            class="c8"
          >
            09:00
          </small>
        </div>
        <div
          class="c7"
        >
          <small
            class="c8"
          >
            10:00
          </small>
        </div>
        <div
          class="c7"
        >
          <small
            class="c8"
          >
            11:00
          </small>
        </div>
        <div
          class="c7"
        >
          <small
            class="c8"
          >
            12:00
          </small>
        </div>
        <div
          class="c7"
        >
          <small
            class="c8"
          >
            13:00
          </small>
        </div>
        <div
          class="c7"
        >
          <small
            class="c8"
          >
            14:00
          </small>
        </div>
        <div
          class="c7"
        >
          <small
            class="c8"
          >
            15:00
          </small>
        </div>
        <div
          class="c7"
        >
          <small
            class="c8"
          >
            16:00
          </small>
        </div>
        <div
          class="c7"
        >
          <small
            class="c8"
          >
            17:00
          </small>
        </div>
        <div
          class="c7"
        >
          <small
            class="c8"
          >
            18:00
          </small>
        </div>
        <div
          class="c7"
        >
          <small
            class="c8"
          >
            19:00
          </small>
        </div>
        <div
          class="c7"
        >
          <small
            class="c8"
          >
            20:00
          </small>
        </div>
        <div
          class="c7"
        >
          <small
            class="c8"
          >
            21:00
          </small>
        </div>
        <div
          class="c7"
        >
          <small
            class="c8"
          >
            22:00
          </small>
        </div>
        <div
          class="c7"
        >
          <small
            class="c8"
          >
            23:00
          </small>
        </div>
      </div>
      <div
        class="c9"
      >
        <div>
          <div
            class="c10"
          />
          <div
            class="c10"
          />
          <div
            class="c10"
          />
          <div
            class="c10"
          />
          <div
            class="c10"
          />
          <div
            class="c10"
          />
          <div
            class="c10"
          />
          <div
            class="c10"
          />
          <div
            class="c10"
          />
          <div
            class="c10"
          />
          <div
            class="c10"
          />
          <div
            class="c10"
          />
          <div
            class="c10"
          />
          <div
            class="c10"
          />
          <div
            class="c10"
          />
          <div
            class="c10"
          />
          <div
            class="c10"
          />
          <div
            class="c10"
          />
          <div
            class="c10"
          />
          <div
            class="c10"
          />
          <div
            class="c10"
          />
          <div
            class="c10"
          />
          <div
            class="c10"
          />
          <div
            class="c10"
          />
        </div>
        <div
          class="c11"
        >
          <div
            class="c12 c13"
            data-testid="click-to-book"
          >
            <div
              role="presentation"
            />
          </div>
          <div
            class="c12 c13"
            data-testid="click-to-book"
          >
            <div
              role="presentation"
            />
          </div>
          <div
            class="c12 c13"
            data-testid="click-to-book"
          >
            <div
              role="presentation"
            />
          </div>
          <div
            class="c12 c13"
            data-testid="click-to-book"
          >
            <div
              role="presentation"
            />
          </div>
          <div
            class="c12 c13"
            data-testid="click-to-book"
          >
            <div
              role="presentation"
            />
          </div>
          <div
            class="c14 c13"
            data-testid="click-to-book"
          >
            <div
              role="presentation"
            >
              <small
                class="c15"
                style="top: 0px; height: 320px;"
              />
              <small
                class="c15"
                style="top: 760px; height: 199.33333333333334px;"
              />
            </div>
          </div>
          <div
            class="c14 c13"
            data-testid="click-to-book"
          >
            <div
              role="presentation"
            >
              <small
                class="c15"
                style="top: 0px; height: 320px;"
              />
              <small
                class="c15"
                style="top: 760px; height: 199.33333333333334px;"
              />
            </div>
          </div>
        </div>
      </div>
    </div>
  </div>
</div>
`;
